// Jest Snapshot v1, https://goo.gl/fbAQLP

exports[`RelevantAceContentView should render the component 1`] = `
<div
  className="block relevant-acecontent-block"
>
  <div
    className="ui list"
    role="list"
  >
    <div
      className="item"
      onClick={[Function]}
      role="listitem"
      title="Publications and reports"
    >
      <i
        aria-hidden="true"
        className="angle right icon"
        onClick={[Function]}
      />
      <div
        className="content"
      >
        <div>
          Link
        </div>
      </div>
    </div>
    <div
      className="item"
      onClick={[Function]}
      role="listitem"
      title="Information portals"
    >
      <i
        aria-hidden="true"
        className="angle right icon"
        onClick={[Function]}
      />
      <div
        className="content"
      >
        <div>
          Link
        </div>
      </div>
    </div>
  </div>
</div>
`;
