// Jest Snapshot v1, https://goo.gl/fbAQLP

exports[`AdaptationOptionView should render the component 1`] = `
<div
  className="db-item-view adaptation-option-view"
>
  <div>
    Title Block Component
  </div>
  <div
    className="ui container"
  >
    <div
      className="ui grid"
    >
      <div
        className="twelve column row"
      >
        <div
          className="eight wide computer twelve wide mobile twelve wide tablet column col-left"
        >
          <div
            className="accordion ui primary"
          >
            <div
              className="title"
              onClick={[Function]}
            >
              <i
                aria-hidden="true"
                className="icon ri-arrow-down-s-line"
                onClick={[Function]}
              />
              Description
            </div>
            <div
              className="content"
            >
              <div
                dangerouslySetInnerHTML={
                  Object {
                    "__html": undefined,
                  }
                }
              />
            </div>
            <div
              className="title"
              onClick={[Function]}
            >
              <i
                aria-hidden="true"
                className="icon ri-arrow-down-s-line"
                onClick={[Function]}
              />
              IPCC categories
            </div>
            <div
              className="content"
            >
              <p>
                Structural and physical: Ecosystem-based adaptation options
              </p>
            </div>
            <div
              className="title"
              onClick={[Function]}
            >
              <i
                aria-hidden="true"
                className="icon ri-arrow-down-s-line"
                onClick={[Function]}
              />
              References
            </div>
            <div
              className="content"
            >
              <div
                className="source"
                dangerouslySetInnerHTML={
                  Object {
                    "__html": "<p>Some text</p>",
                  }
                }
              />
              <h5>
                Websites:
              </h5>
              <div
                className="ui list"
                role="list"
              >
                <div
                  className="item"
                  onClick={[Function]}
                  role="listitem"
                >
                  <a
                    href="https://my-website.com"
                  >
                    https://my-website.com
                  </a>
                </div>
              </div>
            </div>
          </div>
          <div
            className="published-info"
          >
            <p>
              <strong>
                Published in Climate-ADAPT
              </strong>
              : 
              Jun 24, 2022
            </p>
          </div>
          <div
            className="share-info"
          >
            <a
              href="/en/help/share-your-info"
              onClick={[Function]}
            >
              <button
                className="ui icon primary left labeled button"
                onClick={[Function]}
              >
                Share your information
                <i
                  aria-hidden="true"
                  className="icon ri-share-line"
                  onClick={[Function]}
                />
              </button>
            </a>
          </div>
        </div>
        <div
          className="four wide computer twelve wide mobile twelve wide tablet column col-right"
        >
          <div
            className="ui segment content-metadata"
          >
            <h5>
              Date of creation:
            </h5>
            <p>
              NaN
              <i
                className="ri-question-fill"
                onBlur={[Function]}
                onClick={[Function]}
                onFocus={[Function]}
                onMouseEnter={[Function]}
                onMouseLeave={[Function]}
              />
            </p>
            <h5>
              IPCC adaptation options categories:
            </h5>
            <p>
              Structural and physical: Ecosystem-based adaptation options
            </p>
            <h5>
              Geographic characterisation:
            </h5>
            <div
              className="geochar"
            >
              <p>
                Global
              </p>
            </div>
          </div>
        </div>
      </div>
    </div>
  </div>
</div>
`;
