// Jest Snapshot v1, https://goo.gl/fbAQLP

exports[`AdaptationOptionView should render the component 1`] = `
<div
  className="db-item-view adaptation-option-view"
>
  <div>
    Title Block Component
  </div>
  <div
    className="ui container"
  >
    <div
      className="ui twelve column grid"
    >
      <div
        className="row"
      >
        <div
          className="eight wide computer twelve wide mobile twelve wide tablet column col-left"
        >
          <h2>
            Description
          </h2>
          <div
            dangerouslySetInnerHTML={
              Object {
                "__html": undefined,
              }
            }
          />
          <div
            className="adaptation-details"
          >
            <div
              className="ui twelve column grid"
            >
              <div
                className="six wide computer twelve wide mobile twelve wide tablet column"
              >
                <h4>
                  Additional Details
                </h4>
                <div
                  className="ui bulleted list"
                  role="list"
                >
                  <div
                    className="item"
                    onClick={[Function]}
                    role="listitem"
                  >
                    <a
                      href="#ipcc_category"
                      onClick={[Function]}
                    >
                      IPCC categories
                    </a>
                  </div>
                </div>
              </div>
              <div
                className="six wide computer twelve wide mobile twelve wide tablet column"
              >
                <h4>
                  Reference information
                </h4>
                <div
                  className="ui bulleted list"
                  role="list"
                >
                  <div
                    className="item"
                    onClick={[Function]}
                    role="listitem"
                  >
                    <a
                      href="#websites"
                      onClick={[Function]}
                    >
                      Websites
                    </a>
                  </div>
                  <div
                    className="item"
                    onClick={[Function]}
                    role="listitem"
                  >
                    <a
                      href="#source"
                      onClick={[Function]}
                    >
                      Source
                    </a>
                  </div>
                </div>
              </div>
            </div>
          </div>
          <div
            className="ui divider"
          />
          <h2>
            Adaptation Details
          </h2>
          <div
            className="section"
            id="ipcc_category"
          >
            <h5
              className="section-title"
            >
              IPCC categories
            </h5>
            Structural and physical: Ecosystem-based adaptation options
          </div>
          <div
            className="ui divider"
          />
          <h2>
            Reference information
          </h2>
          <h5
            id="websites"
          >
            Websites:
          </h5>
          <div
            className="ui list"
            role="list"
          >
            <div
              className="item"
              onClick={[Function]}
              role="listitem"
            >
              <a
                href="https://my-website.com"
              >
                https://my-website.com
              </a>
            </div>
          </div>
          <h5
            id="source"
          >
            Source
            :
          </h5>
          <div
            className="source"
            dangerouslySetInnerHTML={
              Object {
                "__html": "<p>Some text</p>",
              }
            }
          />
          <div
            className="published-modified-info"
          >
            <p>
              <span>
                <strong>
                  Published in Climate-ADAPT
                </strong>
                 
                Invalid Date
              </span>
              <span>
                   -   
              </span>
              <span>
                <strong>
                  Last Modified in Climate-ADAPT
                </strong>
                 
                Invalid Date
              </span>
            </p>
          </div>
          <div
            className="share-info"
          >
            <a
              href="/en/help/share-your-info"
              onClick={[Function]}
            >
              <button
                className="ui icon primary left labeled button"
                onClick={[Function]}
              >
                Share your information
                <i
                  aria-hidden="true"
                  className="icon ri-share-line"
                  onClick={[Function]}
                />
              </button>
            </a>
          </div>
        </div>
        <div
          className="four wide computer twelve wide mobile twelve wide tablet column col-right"
        >
          <div
            className="ui segment"
          >
            <div
              className="content-metadata"
            >
              <h5>
                Date of creation:
              </h5>
              <p>
                NaN
                <i
                  className="ri-question-fill"
                  onBlur={[Function]}
                  onClick={[Function]}
                  onFocus={[Function]}
                  onMouseEnter={[Function]}
                  onMouseLeave={[Function]}
                />
              </p>
              <h5>
                IPCC adaptation options categories:
              </h5>
              <p>
                Structural and physical: Ecosystem-based adaptation options
              </p>
              <h5>
                Geographic characterisation:
              </h5>
              <div
                className="geochar"
              >
                <p>
                  Global
                </p>
              </div>
            </div>
          </div>
        </div>
      </div>
    </div>
  </div>
</div>
`;
