// Jest Snapshot v1, https://goo.gl/fbAQLP

exports[`CaseStudyView should render the component 1`] = `
<div
  className="db-item-view case-study-view"
>
  <div>
    Title Block Component
  </div>
  <div>
    <div
      className="translation-toast info "
    >
      <div
        className="header"
      >
        <h5>
          Language preference detected
        </h5>
        <button
          aria-label="Close"
          className="ui basic icon button close-button"
          onClick={[Function]}
        >
          <i
            aria-hidden="true"
            className="icon ri-close-line"
            onClick={[Function]}
          />
        </button>
      </div>
      <div>
        <p>
          Do you want to see the page translated into
           
          <strong />
          ?
           
          <button
            className="ui basic button"
            onClick={[Function]}
          >
            <strong>
              Yes, reload the page using my language settings.
            </strong>
          </button>
        </p>
      </div>
    </div>
    <div
      className="translation-toast warning "
      style={
        Object {
          "height": "85px",
        }
      }
    >
      <div
        className="header"
      >
        <h5>
          Exclusion of liability
        </h5>
        <button
          aria-label="Close"
          className="ui basic icon button close-button"
          onClick={[Function]}
        >
          <i
            aria-hidden="true"
            className="icon ri-close-line"
            onClick={[Function]}
          />
        </button>
      </div>
      <div>
        <span>
          This translation is generated by eTranslation, a machine translation tool provided by the European Commission.
        </span>
         
        <button
          className="ui basic secondary button"
          onClick={[Function]}
        >
          <strong>
            Show more
          </strong>
        </button>
      </div>
    </div>
  </div>
  <div
    className="ui container"
  >
    <div
      className="ui twelve column grid"
    >
      <div
        className="row"
      >
        <div
          className="eight wide computer twelve wide mobile twelve wide tablet column col-left"
        >
          <div
            className="case-studies-review-image-wrapper"
          >
            <img
              alt="CaseStudyView"
              className="ui image"
            />
            <p />
          </div>
          <div
            dangerouslySetInnerHTML={
              Object {
                "__html": undefined,
              }
            }
          />
          <div
            className="ui divider"
          />
          <div
            className="adaptation-details"
          >
            <div
              className="ui twelve column grid"
            >
              <div
                className="four wide computer twelve wide mobile twelve wide tablet column"
              />
              <div
                className="four wide computer twelve wide mobile twelve wide tablet column"
              />
              <div
                className="four wide computer twelve wide mobile twelve wide tablet column"
              />
            </div>
          </div>
          <div
            className="ui divider"
          />
          <div
            className="published-modified-info"
          >
            <p>
              <span>
                <strong>
                  Published in Climate-ADAPT
                </strong>
                 
                Invalid Date
              </span>
              <span>
                   -   
              </span>
              <span>
                <strong>
                  Last Modified in Climate-ADAPT
                </strong>
                 
                Invalid Date
              </span>
            </p>
          </div>
          <div
            className="ui divider"
          />
          <p>
            Please contact us for any other enquiry on this Case Study or to share a new Case Study (email
             
            <span
              className="link-mailto"
            >
              <a
                href="mailto: climate.adapt@eea.europa.eu"
                rel="noreferrer"
                target="_blank"
              >
                climate.adapt@eea.europa.eu
              </a>
            </span>
            )
          </p>
          <div
            className="share-info"
          >
            <a
              href="/en/help/share-your-info"
              onClick={[Function]}
            >
              <button
                className="ui icon primary left labeled button"
                onClick={[Function]}
              >
                Share your information
                <i
                  aria-hidden="true"
                  className="right arrow icon"
                  onClick={[Function]}
                />
              </button>
            </a>
          </div>
        </div>
        <div
          className="four wide computer twelve wide mobile twelve wide tablet column col-right"
        >
          <div
            className="ui segment"
          >
            <div
              className="content-metadata"
            >
              <h5>
                Geographic characterisation:
              </h5>
              <div
                className="geochar"
              >
                <p>
                  Global
                </p>
              </div>
            </div>
          </div>
        </div>
      </div>
    </div>
  </div>
</div>
`;
