// Jest Snapshot v1, https://goo.gl/fbAQLP

exports[`ExtendedToolView should render the component 1`] = `
<div
  className="db-item-view"
>
  <div>
    Title Block Component
  </div>
  <div
    className="ui container"
  >
    <div
      className="ui twelve column grid"
    >
      <div
        className="row"
      >
        <div
          className="eight wide computer twelve wide mobile twelve wide tablet column col-left"
        >
          <h2>
            Description
          </h2>
          <div
            dangerouslySetInnerHTML={
              Object {
                "__html": "<p>Nam commodo suscipit quam. Praesent egestas neque eu enim. Quisque rutrum.</p>",
              }
            }
          />
          <div
            dangerouslySetInnerHTML={
              Object {
                "__html": undefined,
              }
            }
          />
          <h5>
            Only online interactive support tool
          </h5>
          NO
          <h5>
            Supports ≥1 adaptation cycle step 
          </h5>
          NO
          <h5>
            Updating cycle of the tool
          </h5>
          NO
          <h5>
            Language Accessibility
          </h5>
          NO
          <h5>
            Free [full or core functionality] access 
          </h5>
          NO
          <h5>
            Available language
          </h5>
          
          <h5>
            Available language
          </h5>
          <h5>
            Functionality
          </h5>
          <p />
        </div>
        <div
          className="four wide computer twelve wide mobile twelve wide tablet column col-right"
        >
          <div
            className="ui segment content-metadata"
          >
            <h5>
              Date of creation:
            </h5>
            <p>
              2022
              <i
                className="ri-question-fill"
                onBlur={[Function]}
                onClick={[Function]}
                onFocus={[Function]}
                onMouseEnter={[Function]}
                onMouseLeave={[Function]}
              />
            </p>
            <h5>
              Keywords:
            </h5>
            <span>
              keyword 1, keyword 2
            </span>
            <h5>
              Geographic characterisation:
            </h5>
            <div
              className="geochar"
            >
              <p>
                Global
              </p>
            </div>
          </div>
        </div>
      </div>
    </div>
  </div>
</div>
`;
